01:23:06    0.02  RADIO  interlock ? src=
01:23:06    0.07  KEYER  busy=0 key=0 ptton=0 xmit=0 wpm=24
01:23:06    0.13  RADIO  cwx wpm=24 break_in_delay=782 qsk_enabled=1
01:23:06    0.20  RADIO  interlock READY src=
01:23:18   11.82  RADIO  cwx wpm=20 break_in_delay=782 qsk_enabled=1
01:23:18   11.82  RADIO  cwx wpm=20 break_in_delay=782 qsk_enabled=1
01:23:18   11.95  KEYER  busy=0 key=0 ptton=0 xmit=0 wpm=20
01:23:19   13.30  RADIO  interlock ? src=
01:23:19   13.30  RADIO  interlock PTT_REQUESTED src=SWCW
01:23:19   13.35  RADIO  interlock TRANSMITTING src=SWCW
01:23:19   13.49  KEYER  busy=1 key=1 ptton=1 xmit=0 wpm=20
01:23:20   14.19  RADIO  cwx sent=6899
01:23:20   14.30  KEYER  busy=1 key=0 ptton=1 xmit=0 wpm=20
01:23:21   14.68  RADIO  cwx sent=6900
01:23:21   14.79  KEYER  busy=1 key=1 ptton=1 xmit=0 wpm=20
01:23:21   15.29  RADIO  cwx sent=6901
01:23:21   15.58  KEYER  busy=1 key=0 ptton=1 xmit=0 wpm=20
01:23:22   15.66  RADIO  cwx sent=6902
01:23:22   16.15  RADIO  cwx sent=6903
01:23:22   16.39  RADIO  cwx sent=6904
01:23:22   16.61  KEYER  busy=0 key=0 ptton=1 xmit=0 wpm=20
01:23:22   16.64  RADIO  cwx sent=6905
01:23:23   17.11  KEYER  busy=0 key=0 ptton=0 xmit=0 wpm=20
01:23:23   17.27  RADIO  interlock UNKEY_REQUESTED src=
01:23:23   17.27  RADIO  interlock READY src=
01:23:26   20.35  RADIO  interlock ? src=
01:23:26   20.35  RADIO  interlock PTT_REQUESTED src=SWCW
01:23:26   20.40  RADIO  interlock TRANSMITTING src=SWCW
01:23:26   20.59  KEYER  busy=1 key=0 ptton=1 xmit=0 wpm=20
01:23:26   20.64  RADIO  cwx sent=6906
01:23:27   20.89  RADIO  cwx sent=6907
01:23:27   20.89  KEYER  busy=0 key=0 ptton=1 xmit=0 wpm=20
01:23:27   21.39  KEYER  busy=0 key=0 ptton=0 xmit=0 wpm=20
01:23:27   21.51  RADIO  interlock UNKEY_REQUESTED src=
01:23:27   21.51  RADIO  interlock READY src=
01:23:29   22.97  KEYER  busy=0 key=0 ptton=1 xmit=0 wpm=20
01:23:30   24.28  KEYER  busy=0 key=0 ptton=0 xmit=0 wpm=20
01:23:31   25.03  RADIO  interlock ? src=
01:23:31   25.03  RADIO  interlock PTT_REQUESTED src=SWCW
01:23:31   25.07  RADIO  interlock TRANSMITTING src=SWCW
01:23:31   25.29  KEYER  busy=1 key=0 ptton=1 xmit=0 wpm=20
01:23:31   25.43  RADIO  cwx sent=6908
01:23:32   25.68  RADIO  cwx sent=6909
01:23:32   26.18  RADIO  cwx sent=6910
01:23:32   26.35  KEYER  busy=1 key=1 ptton=1 xmit=0 wpm=20
01:23:32   26.55  RADIO  cwx sent=6911
01:23:33   26.65  KEYER  busy=1 key=0 ptton=1 xmit=0 wpm=20
01:23:33   26.79  RADIO  cwx sent=6912
01:23:33   27.16  RADIO  cwx sent=6913
01:23:33   27.41  RADIO  cwx sent=6914
01:23:33   27.56  KEYER  busy=1 key=1 ptton=1 xmit=0 wpm=20
01:23:34   27.90  RADIO  cwx sent=6915
01:23:34   28.13  KEYER  busy=1 key=0 ptton=1 xmit=0 wpm=20
01:23:34   28.28  RADIO  cwx sent=6916
01:23:34   28.37  KEYER  busy=1 key=1 ptton=1 xmit=0 wpm=20
01:23:34   28.52  RADIO  cwx sent=6917
01:23:34   28.54  RADIO  cwx erase=6919,7057
01:23:34   28.54  RADIO  interlock UNKEY_REQUESTED src=
01:23:34   28.54  RADIO  interlock READY src=
01:23:34   28.55  RADIO  cwx sent=6918
01:23:35   28.69  KEYER  busy=0 key=0 ptton=1 xmit=0 wpm=20
01:23:35   29.21  KEYER  busy=0 key=0 ptton=0 xmit=0 wpm=20
01:23:37   31.18  RADIO  cwx wpm=25 break_in_delay=782 qsk_enabled=1
01:23:37   31.18  RADIO  cwx wpm=25 break_in_delay=782 qsk_enabled=1
01:23:37   31.24  KEYER  busy=0 key=0 ptton=0 xmit=0 wpm=25
01:23:40   33.85  RADIO  interlock ? src=
01:23:40   33.85  RADIO  interlock PTT_REQUESTED src=SW
01:23:40   33.93  RADIO  interlock TRANSMITTING src=SW,SWCW
01:23:40   33.95  KEYER  busy=1 key=1 ptton=1 xmit=1 wpm=25
01:23:41   34.96  KEYER  busy=0 key=0 ptton=1 xmit=1 wpm=25
01:23:41   35.29  KEYER  busy=0 key=0 ptton=1 xmit=0 wpm=25
01:23:41   35.59  RADIO  interlock UNKEY_REQUESTED src=
01:23:41   35.59  RADIO  interlock READY src=
01:23:42   35.69  RADIO  cwx wpm=10 break_in_delay=782 qsk_enabled=1
01:23:42   35.69  RADIO  cwx wpm=10 break_in_delay=782 qsk_enabled=1
01:23:42   35.81  KEYER  busy=0 key=0 ptton=0 xmit=0 wpm=10
01:23:42   35.97  RADIO  interlock ? src=
01:23:42   35.97  RADIO  interlock PTT_REQUESTED src=SWCW
01:23:42   36.02  RADIO  interlock TRANSMITTING src=SWCW
01:23:42   36.13  KEYER  busy=0 key=0 ptton=1 xmit=0 wpm=10
01:23:42   36.38  KEYER  busy=1 key=1 ptton=1 xmit=0 wpm=10
01:23:43   36.98  KEYER  busy=1 key=0 ptton=1 xmit=0 wpm=10
01:23:43   37.22  RADIO  cwx sent=7058
01:23:43   37.55  KEYER  busy=1 key=1 ptton=1 xmit=0 wpm=10
01:23:44   38.35  KEYER  busy=1 key=0 ptton=1 xmit=0 wpm=10
01:23:44   38.43  RADIO  cwx sent=7059
01:23:44   38.60  KEYER  busy=1 key=1 ptton=1 xmit=0 wpm=10
01:23:45   38.98  KEYER  busy=1 key=0 ptton=1 xmit=0 wpm=10
01:23:45   39.25  KEYER  busy=1 key=1 ptton=1 xmit=0 wpm=10
01:23:45   39.52  KEYER  busy=1 key=0 ptton=1 xmit=0 wpm=10
01:23:45   39.56  RADIO  cwx erase=7061,7061
01:23:45   39.56  RADIO  interlock UNKEY_REQUESTED src=
01:23:45   39.56  RADIO  interlock READY src=
01:23:45   39.57  RADIO  cwx sent=7060
01:23:46   39.83  KEYER  busy=0 key=0 ptton=1 xmit=0 wpm=10
01:23:46   40.11  KEYER  busy=0 key=0 ptton=0 xmit=0 wpm=10
01:23:47   41.08  RADIO  cwx wpm=5 break_in_delay=782 qsk_enabled=1
01:23:47   41.08  RADIO  cwx wpm=5 break_in_delay=782 qsk_enabled=1
01:23:47   41.25  KEYER  busy=0 key=0 ptton=0 xmit=0 wpm=5
01:23:47   41.37  RADIO  interlock ? src=
01:23:47   41.37  RADIO  interlock PTT_REQUESTED src=SWCW
01:23:47   41.42  RADIO  interlock TRANSMITTING src=SWCW
01:23:47   41.56  KEYER  busy=1 key=1 ptton=1 xmit=0 wpm=5
01:23:48   41.81  KEYER  busy=1 key=0 ptton=1 xmit=0 wpm=5
01:23:48   42.37  RADIO  cwx sent=7062
01:23:48   42.61  KEYER  busy=1 key=1 ptton=1 xmit=0 wpm=5
01:23:49   42.91  KEYER  busy=1 key=0 ptton=1 xmit=0 wpm=5
01:23:49   43.34  RADIO  cwx sent=7063
01:23:49   43.45  KEYER  busy=1 key=1 ptton=1 xmit=0 wpm=5
01:23:50   43.75  KEYER  busy=1 key=0 ptton=1 xmit=0 wpm=5
01:23:50   44.31  RADIO  cwx sent=7064
01:23:50   44.54  KEYER  busy=1 key=1 ptton=1 xmit=0 wpm=5
01:23:51   44.84  KEYER  busy=1 key=0 ptton=1 xmit=0 wpm=5
01:23:51   45.28  RADIO  cwx sent=7065
01:23:51   45.44  KEYER  busy=1 key=1 ptton=1 xmit=0 wpm=5
01:23:52   45.74  KEYER  busy=1 key=0 ptton=1 xmit=0 wpm=5
01:23:52   46.25  RADIO  cwx sent=7066
01:23:52   46.50  KEYER  busy=1 key=1 ptton=1 xmit=0 wpm=5
01:23:53   46.76  KEYER  busy=1 key=0 ptton=1 xmit=0 wpm=5
01:23:53   47.22  RADIO  cwx sent=7067
01:23:53   47.30  KEYER  busy=1 key=1 ptton=1 xmit=0 wpm=5
01:23:53   47.58  KEYER  busy=1 key=0 ptton=1 xmit=0 wpm=5
01:23:54   48.19  RADIO  cwx sent=7068
01:23:54   48.35  KEYER  busy=1 key=1 ptton=1 xmit=0 wpm=5
01:23:54   48.60  KEYER  busy=1 key=0 ptton=1 xmit=0 wpm=5
01:23:55   49.16  RADIO  cwx sent=7069
01:23:55   49.38  KEYER  busy=1 key=1 ptton=1 xmit=0 wpm=5
01:23:55   49.63  KEYER  busy=1 key=0 ptton=1 xmit=0 wpm=5
01:23:56   50.14  RADIO  cwx sent=7070
01:23:56   50.39  KEYER  busy=1 key=1 ptton=1 xmit=0 wpm=5
01:23:57   50.65  KEYER  busy=1 key=0 ptton=1 xmit=0 wpm=5
01:23:57   51.11  RADIO  cwx sent=7071
01:23:57   51.27  KEYER  busy=1 key=1 ptton=1 xmit=0 wpm=5
01:23:57   51.52  KEYER  busy=1 key=0 ptton=1 xmit=0 wpm=5
01:23:58   52.08  RADIO  cwx sent=7072
01:23:59   53.05  RADIO  cwx sent=7073
01:23:59   53.13  KEYER  busy=1 key=1 ptton=1 xmit=0 wpm=5
01:23:59   53.19  RADIO  cwx erase=7075,7421
01:23:59   53.19  RADIO  interlock UNKEY_REQUESTED src=
01:23:59   53.19  RADIO  interlock READY src=
01:23:59   53.19  RADIO  cwx sent=7074
01:23:59   53.38  KEYER  busy=0 key=0 ptton=1 xmit=0 wpm=5
01:24:00   53.66  KEYER  busy=0 key=0 ptton=0 xmit=0 wpm=5
01:24:01   55.11  RADIO  cwx wpm=25 break_in_delay=782 qsk_enabled=1
01:24:01   55.11  RADIO  cwx wpm=25 break_in_delay=782 qsk_enabled=1
01:24:01   55.30  KEYER  busy=0 key=0 ptton=0 xmit=0 wpm=25
01:24:09   63.21  RADIO  interlock ? src=
01:24:09   63.21  RADIO  interlock PTT_REQUESTED src=SW
01:24:09   63.27  RADIO  interlock TRANSMITTING src=SW,SWCW
01:24:09   63.43  KEYER  busy=1 key=1 ptton=1 xmit=1 wpm=25
01:24:10   63.74  KEYER  busy=0 key=0 ptton=1 xmit=1 wpm=25
01:24:10   64.27  KEYER  busy=0 key=0 ptton=1 xmit=0 wpm=25
01:24:10   64.54  KEYER  busy=0 key=0 ptton=0 xmit=0 wpm=25
01:24:10   64.57  RADIO  interlock UNKEY_REQUESTED src=
01:24:10   64.57  RADIO  interlock READY src=
01:24:11   65.01  RADIO  interlock ? src=
01:24:11   65.01  RADIO  interlock PTT_REQUESTED src=SW
01:24:11   65.07  RADIO  interlock TRANSMITTING src=SW,SWCW
01:24:11   65.11  KEYER  busy=1 key=1 ptton=1 xmit=1 wpm=25
01:24:12   65.91  KEYER  busy=0 key=0 ptton=1 xmit=1 wpm=25
01:24:12   66.38  RADIO  cwx wpm=20 break_in_delay=782 qsk_enabled=1
01:24:12   66.38  RADIO  cwx wpm=20 break_in_delay=782 qsk_enabled=1
01:24:12   66.44  KEYER  busy=0 key=0 ptton=1 xmit=0 wpm=20
01:24:13   66.75  RADIO  interlock ? src=
01:24:13   66.75  RADIO  interlock UNKEY_REQUESTED src=SWCW
01:24:13   66.76  RADIO  interlock READY src=SWCW
01:24:13   66.76  RADIO  interlock PTT_REQUESTED src=SWCW
01:24:13   66.78  KEYER  busy=0 key=0 ptton=0 xmit=0 wpm=20
01:24:13   66.80  RADIO  interlock TRANSMITTING src=SWCW
01:24:13   67.03  RADIO  cwx sent=7422
01:24:13   67.09  KEYER  busy=1 key=0 ptton=1 xmit=0 wpm=20
01:24:13   67.28  RADIO  cwx sent=7423
01:24:13   67.53  RADIO  cwx sent=7424
01:24:13   67.64  KEYER  busy=0 key=0 ptton=1 xmit=0 wpm=20
01:24:14   68.16  RADIO  interlock UNKEY_REQUESTED src=
01:24:14   68.16  RADIO  interlock READY src=
01:24:14   68.17  KEYER  busy=0 key=0 ptton=0 xmit=0 wpm=20
01:24:14   68.21  RADIO  interlock ? src=
01:24:14   68.21  RADIO  interlock PTT_REQUESTED src=SWCW
01:24:14   68.25  RADIO  interlock TRANSMITTING src=SWCW
01:24:14   68.28  RADIO  cwx wpm=10 break_in_delay=782 qsk_enabled=1
01:24:14   68.28  RADIO  cwx wpm=10 break_in_delay=782 qsk_enabled=1
01:24:14   68.43  KEYER  busy=1 key=1 ptton=1 xmit=0 wpm=10
01:24:15   68.70  KEYER  busy=1 key=0 ptton=1 xmit=0 wpm=10
01:24:15   68.94  KEYER  busy=1 key=1 ptton=1 xmit=0 wpm=10
01:24:15   69.03  RADIO  cwx sent=7425
01:24:15   69.19  KEYER  busy=1 key=0 ptton=1 xmit=0 wpm=10
01:24:16   69.69  KEYER  busy=1 key=1 ptton=1 xmit=0 wpm=10
01:24:16   69.93  KEYER  busy=1 key=0 ptton=1 xmit=0 wpm=10
01:24:16   70.19  KEYER  busy=1 key=1 ptton=1 xmit=0 wpm=10
01:24:16   70.24  RADIO  cwx erase=7427,7428
01:24:16   70.24  RADIO  interlock UNKEY_REQUESTED src=
01:24:16   70.24  RADIO  interlock READY src=
01:24:16   70.24  RADIO  cwx sent=7426
01:24:16   70.45  KEYER  busy=0 key=0 ptton=1 xmit=0 wpm=10
01:24:17   70.73  KEYER  busy=0 key=0 ptton=0 xmit=0 wpm=10
01:24:17   71.12  RADIO  interlock ? src=
01:24:17   71.12  RADIO  interlock PTT_REQUESTED src=SWCW
01:24:17   71.16  RADIO  interlock TRANSMITTING src=SWCW
01:24:17   71.34  KEYER  busy=1 key=0 ptton=1 xmit=0 wpm=10
01:24:17   71.64  RADIO  cwx sent=7429
01:24:18   71.85  KEYER  busy=0 key=0 ptton=1 xmit=0 wpm=10
01:24:18   72.09  KEYER  busy=0 key=0 ptton=0 xmit=0 wpm=10
01:24:18   72.09  RADIO  interlock UNKEY_REQUESTED src=
01:24:18   72.09  RADIO  interlock READY src=
01:24:19   73.03  RADIO  cwx wpm=25 break_in_delay=782 qsk_enabled=1
01:24:19   73.03  RADIO  cwx wpm=25 break_in_delay=782 qsk_enabled=1
01:24:19   73.19  KEYER  busy=0 key=0 ptton=0 xmit=0 wpm=25
01:24:21   74.86  RADIO  interlock ? src=
01:24:21   74.86  RADIO  interlock PTT_REQUESTED src=SW
01:24:21   74.93  RADIO  interlock TRANSMITTING src=SW,SWCW
01:24:21   75.03  KEYER  busy=1 key=1 ptton=1 xmit=1 wpm=25
01:24:21   75.54  KEYER  busy=0 key=0 ptton=1 xmit=1 wpm=25
01:24:22   75.77  KEYER  busy=0 key=0 ptton=1 xmit=0 wpm=25
01:24:22   76.11  KEYER  busy=0 key=0 ptton=0 xmit=0 wpm=25
01:24:22   76.20  RADIO  interlock UNKEY_REQUESTED src=
01:24:22   76.20  RADIO  interlock READY src=
01:25:26  139.99  KEYER  busy=0 key=0 ptton=0 xmit=0 wpm=20
01:25:27  141.38  KEYER  busy=1 key=1 ptton=1 xmit=0 wpm=20
01:25:28  141.95  KEYER  busy=1 key=0 ptton=1 xmit=0 wpm=20
01:25:28  142.28  KEYER  busy=1 key=1 ptton=1 xmit=0 wpm=20
01:25:28  142.55  KEYER  busy=1 key=0 ptton=1 xmit=0 wpm=20
01:25:29  142.84  KEYER  busy=1 key=1 ptton=1 xmit=0 wpm=20
01:25:29  143.12  KEYER  busy=1 key=0 ptton=1 xmit=0 wpm=20
01:25:30  143.94  KEYER  busy=1 key=1 ptton=1 xmit=0 wpm=20
01:25:30  144.18  KEYER  busy=1 key=0 ptton=1 xmit=0 wpm=20
01:25:31  144.74  KEYER  busy=0 key=0 ptton=1 xmit=0 wpm=20
01:25:31  144.98  KEYER  busy=0 key=0 ptton=0 xmit=0 wpm=20
01:25:34  148.44  KEYER  busy=1 key=1 ptton=1 xmit=0 wpm=20
01:25:35  148.69  KEYER  busy=1 key=0 ptton=1 xmit=0 wpm=20
01:25:35  148.96  KEYER  busy=0 key=0 ptton=1 xmit=0 wpm=20
01:25:35  149.47  KEYER  busy=0 key=0 ptton=0 xmit=0 wpm=20
