   0.027  TX 00 02   # host open
   0.027  -- watch 1.5s: version
   0.037     RX 17  BYTE
   1.531  TX 0e 44   # mode reg 0x44: paddle echo + serial echo, iambic B
   1.531  -- watch 0.5s: 
   2.033  TX 02 14   # speed 20 WPM
   2.033  -- watch 0.5s: 
   2.533  TX 04 00 00   # PTT lead/tail 0 (so status timing is keying only)
   2.534  -- watch 0.5s: 
   3.035  TX 15   # status idle
   3.035  -- watch 0.5s: 
   3.050     RX c0  STATUS 11000000 (low5=00000)
   3.539  TX 50 41 52 49 53 20 45   # text PARIS E
   3.539  -- watch 0.7s: early in send
   3.621     RX c4  STATUS 11000100 (low5=00100)
   4.240  TX 15   # status while sending
   4.240  -- watch 6.0s: rest of send + idle
   4.248     RX c4  STATUS 11000100 (low5=00100)
   4.474     RX 50  ECHO 'P'
   4.961     RX 41  ECHO 'A'
   5.573     RX 52  ECHO 'R'
   5.961     RX 49  ECHO 'I'
   6.445     RX 53  ECHO 'S'
   6.692     RX 20  ECHO ' '
   6.934     RX 45  ECHO 'E'
   6.943     RX c0  STATUS 11000000 (low5=00000)
  10.242  TX 04 05 0a   # PTT lead 50 ms / tail 100 ms
  10.242  -- watch 0.3s: 
  10.546  TX 45 45   # text EE with lead/tail
  10.546  -- watch 2.5s: lead/tail status
  10.563     RX c4  STATUS 11000100 (low5=00100)
  10.889     RX 45  ECHO 'E'
  11.126     RX 45  ECHO 'E'
  11.130     RX c0  STATUS 11000000 (low5=00000)
  13.046  TX 18 01   # PTT on
  13.046  -- watch 0.8s: 
  13.848  TX 15   # status PTT on
  13.848  -- watch 0.5s: 
  13.865     RX c0  STATUS 11000000 (low5=00000)
  14.350  TX 18 00   # PTT off
  14.351  -- watch 0.8s: 
  15.152  TX 54 45 53 54 20 54 45 53 54 20 54 45 53 54 20 54 45 53 54 20 54 45 53 54 20 54 45 53 54 20 54 45 53 54 20 54 45 53 54 20 54 45 53 54 20 54 45 53 54 20 54 45 53 54 20 54 45 53 54 20 54 45 53 54 20 54 45 53 54 20 54 45 53 54 20 54 45 53 54 20 54 45 53 54 20 54 45 53 54 20 54 45 53 54 20 54 45 53 54 20 54 45 53 54 20 54 45 53 54 20 54 45 53 54 20 54 45 53 54 20 54 45 53 54 20 54 45 53 54 20 54 45 53 54 20 54 45 53 54 20 54 45 53 54 20 54 45 53 54 20   # 150 bytes to fill buffer
  15.152  -- watch 3.0s: buffer high-water / XOFF
  15.178     RX c4  STATUS 11000100 (low5=00100)
  15.603     RX 54  ECHO 'T'
  15.882     RX 45  ECHO 'E'
  16.340     RX 53  ECHO 'S'
  16.729     RX 54  ECHO 'T'
  16.974     RX 20  ECHO ' '
  17.328     RX 54  ECHO 'T'
  17.571     RX 45  ECHO 'E'
  18.060     RX 53  ECHO 'S'
  18.154  TX 15   # status buffer loaded
  18.155  -- watch 0.6s: 
  18.166     RX c4  STATUS 11000100 (low5=00100)
  18.432     RX 54  ECHO 'T'
  18.682     RX 20  ECHO ' '
  18.760  TX 0a   # clear buffer
  18.760  -- watch 2.0s: after clear
  18.796     RX c0  STATUS 11000000 (low5=00000)
  20.760  TX 15   # status after clear
  20.760  -- watch 0.6s: 
  20.801     RX c0  STATUS 11000000 (low5=00000)
  21.364  TX 00 03   # host close
  21.364  -- watch 1.0s: 
  22.366  closed
