   0.009  TX 00 02   # host open
   0.009  -- watch 1.5s: version
   0.020     RX 17  BYTE
   1.513  TX 0e 44   # mode reg 0x44: paddle echo + serial echo, iambic B
   1.513  -- watch 0.5s: 
   2.018  TX 02 14   # speed 20 WPM
   2.018  -- watch 0.5s: 
   2.519  TX 04 00 00   # PTT lead/tail 0 (so status timing is keying only)
   2.519  -- watch 0.5s: 
   3.021  TX 15   # status idle
   3.021  -- watch 0.5s: 
   3.037     RX c0  STATUS 11000000 (low5=00000)
   3.526  TX 50 41 52 49 53 20 45   # text PARIS E
   3.527  -- watch 0.7s: early in send
   3.542     RX c4  STATUS 11000100 (low5=00100)
   4.228  TX 15   # status while sending
   4.228  -- watch 6.0s: rest of send + idle
   4.263     RX c4  STATUS 11000100 (low5=00100)
   4.307     RX 50  ECHO 'P'
   4.791     RX 41  ECHO 'A'
   5.391     RX 52  ECHO 'R'
   5.756     RX 49  ECHO 'I'
   6.229     RX 53  ECHO 'S'
   6.600     RX 20  ECHO ' '
   6.715     RX 45  ECHO 'E'
   6.832     RX c0  STATUS 11000000 (low5=00000)
  10.231  TX 04 05 0a   # PTT lead 50 ms / tail 100 ms
  10.231  -- watch 0.3s: 
  10.531  TX 45 45   # text EE with lead/tail
  10.532  -- watch 2.5s: lead/tail status
  10.541     RX c4  STATUS 11000100 (low5=00100)
  10.720     RX 45  ECHO 'E'
  10.955     RX 45  ECHO 'E'
  11.078     RX c0  STATUS 11000000 (low5=00000)
  13.037  TX 18 01   # PTT on
  13.037  -- watch 0.8s: 
  13.839  TX 15   # status PTT on
  13.839  -- watch 0.5s: 
  13.847     RX c0  STATUS 11000000 (low5=00000)
  14.343  TX 18 00   # PTT off
  14.343  -- watch 0.8s: 
  15.147  TX 54 45 53 54 20 54 45 53 54 20 54 45 53 54 20 54 45 53 54 20 54 45 53 54 20 54 45 53 54 20 54 45 53 54 20 54 45 53 54 20 54 45 53 54 20 54 45 53 54 20 54 45 53 54 20 54 45 53 54 20 54 45 53 54 20 54 45 53 54 20 54 45 53 54 20 54 45 53 54 20 54 45 53 54 20 54 45 53 54 20 54 45 53 54 20 54 45 53 54 20 54 45 53 54 20 54 45 53 54 20 54 45 53 54 20 54 45 53 54 20 54 45 53 54 20 54 45 53 54 20 54 45 53 54 20 54 45 53 54 20 54 45 53 54 20 54 45 53 54 20   # 150 bytes to fill buffer
  15.147  -- watch 3.0s: buffer high-water / XOFF
  15.159     RX c4  STATUS 11000100 (low5=00100)
  15.451     RX 54  ECHO 'T'
  15.692     RX 45  ECHO 'E'
  16.177     RX 53  ECHO 'S'
  16.530     RX 54  ECHO 'T'
  16.889     RX 20  ECHO ' '
  17.152     RX 54  ECHO 'T'
  17.398     RX 45  ECHO 'E'
  17.851     RX 53  ECHO 'S'
  18.149  TX 15   # status buffer loaded
  18.149  -- watch 0.6s: 
  18.196     RX c4  STATUS 11000100 (low5=00100)
  18.217     RX 54  ECHO 'T'
  18.601     RX 20  ECHO ' '
  18.752  TX 0a   # clear buffer
  18.752  -- watch 2.0s: after clear
  18.765     RX c0  STATUS 11000000 (low5=00000)
  20.753  TX 15   # status after clear
  20.753  -- watch 0.6s: 
  20.770     RX c0  STATUS 11000000 (low5=00000)
  21.355  TX 00 03   # host close
  21.355  -- watch 1.0s: 
  22.359  closed
