   0.023  TX 00 02   # host open
   0.023  -- watch 1.5s: version
   0.038     RX 17  BYTE
   1.528  TX 0e 44   # mode reg 0x44: paddle echo + serial echo, iambic B
   1.528  -- watch 0.5s: 
   2.034  TX 02 14   # speed 20 WPM
   2.034  -- watch 0.5s: 
   2.537  TX 04 00 00   # PTT lead/tail 0 (so status timing is keying only)
   2.537  -- watch 0.5s: 
   3.039  TX 15   # status idle
   3.039  -- watch 0.5s: 
   3.051     RX c0  STATUS 11000000 (low5=00000)
   3.541  TX 50 41 52 49 53 20 45   # text PARIS E
   3.541  -- watch 0.7s: early in send
   3.594     RX c4  STATUS 11000100 (low5=00100)
   4.245  TX 15   # status while sending
   4.245  -- watch 6.0s: rest of send + idle
   4.274     RX c4  STATUS 11000100 (low5=00100)
   4.504     RX 50  ECHO 'P'
   4.504     RX 41  ECHO 'A'
   4.504     RX 52  ECHO 'R'
   4.504     RX 49  ECHO 'I'
   4.504     RX 53  ECHO 'S'
   4.504     RX 20  ECHO ' '
   4.504     RX 45  ECHO 'E'
   4.504     RX c0  STATUS 11000000 (low5=00000)
  10.247  TX 04 05 0a   # PTT lead 50 ms / tail 100 ms
  10.247  -- watch 0.3s: 
  10.551  TX 45 45   # text EE with lead/tail
  10.551  -- watch 2.5s: lead/tail status
  10.568     RX 45  ECHO 'E'
  10.575     RX 45  ECHO 'E'
  10.585     RX c4  STATUS 11000100 (low5=00100)
  10.876     RX c0  STATUS 11000000 (low5=00000)
  13.055  TX 18 01   # PTT on
  13.055  -- watch 0.8s: 
  13.859  TX 15   # status PTT on
  13.859  -- watch 0.5s: 
  13.868     RX c0  STATUS 11000000 (low5=00000)
  14.363  TX 18 00   # PTT off
  14.363  -- watch 0.8s: 
  15.165  TX 54 45 53 54 20 54 45 53 54 20 54 45 53 54 20 54 45 53 54 20 54 45 53 54 20 54 45 53 54 20 54 45 53 54 20 54 45 53 54 20 54 45 53 54 20 54 45 53 54 20 54 45 53 54 20 54 45 53 54 20 54 45 53 54 20 54 45 53 54 20 54 45 53 54 20 54 45 53 54 20 54 45 53 54 20 54 45 53 54 20 54 45 53 54 20 54 45 53 54 20 54 45 53 54 20 54 45 53 54 20 54 45 53 54 20 54 45 53 54 20 54 45 53 54 20 54 45 53 54 20 54 45 53 54 20 54 45 53 54 20 54 45 53 54 20 54 45 53 54 20   # 150 bytes to fill buffer
  15.165  -- watch 3.0s: buffer high-water / XOFF
  15.196     RX 54  ECHO 'T'
  15.212     RX c4  STATUS 11000100 (low5=00100)
  15.252     RX 45  ECHO 'E'
  15.266     RX 53  ECHO 'S'
  15.275     RX 54  ECHO 'T'
  15.291     RX 20  ECHO ' '
  15.300     RX 54  ECHO 'T'
  15.314     RX 45  ECHO 'E'
  15.353     RX 53  ECHO 'S'
  15.364     RX 54  ECHO 'T'
  15.370     RX 20  ECHO ' '
  15.374     RX 54  ECHO 'T'
  15.380     RX 45  ECHO 'E'
  15.386     RX 53  ECHO 'S'
  15.391     RX 54  ECHO 'T'
  15.396     RX 20  ECHO ' '
  15.406     RX 54  ECHO 'T'
  15.414     RX 45  ECHO 'E'
  15.421     RX 53  ECHO 'S'
  15.436     RX 54  ECHO 'T'
  15.450     RX 20  ECHO ' '
  15.451     RX 54  ECHO 'T'
  15.459     RX 45  ECHO 'E'
  15.464     RX 53  ECHO 'S'
  15.469     RX 54  ECHO 'T'
  15.476     RX 20  ECHO ' '
  15.480     RX 54  ECHO 'T'
  15.485     RX 45  ECHO 'E'
  15.490     RX 53  ECHO 'S'
  15.498     RX 54  ECHO 'T'
  15.505     RX 20  ECHO ' '
  15.511     RX 54  ECHO 'T'
  15.515     RX 45  ECHO 'E'
  15.525     RX 53  ECHO 'S'
  15.530     RX 54  ECHO 'T'
  15.540     RX 20  ECHO ' '
  15.548     RX 54  ECHO 'T'
  15.559     RX 45  ECHO 'E'
  15.565     RX 53  ECHO 'S'
  15.570     RX 54  ECHO 'T'
  15.577     RX 20  ECHO ' '
  15.582     RX 54  ECHO 'T'
  15.591     RX 45  ECHO 'E'
  15.597     RX 53  ECHO 'S'
  15.603     RX 54  ECHO 'T'
  15.611     RX 20  ECHO ' '
  15.619     RX 54  ECHO 'T'
  15.628     RX 45  ECHO 'E'
  15.641     RX 53  ECHO 'S'
  15.655     RX 54  ECHO 'T'
  15.656     RX 20  ECHO ' '
  15.656     RX 54  ECHO 'T'
  15.678     RX 45  ECHO 'E'
  15.684     RX 53  ECHO 'S'
  15.691     RX 54  ECHO 'T'
  15.702     RX 20  ECHO ' '
  15.702     RX 54  ECHO 'T'
  15.708     RX 45  ECHO 'E'
  15.714     RX 53  ECHO 'S'
  15.721     RX 54  ECHO 'T'
  15.727     RX 20  ECHO ' '
  15.727     RX 54  ECHO 'T'
  15.727     RX 45  ECHO 'E'
  15.745     RX 53  ECHO 'S'
  15.760     RX 54  ECHO 'T'
  15.766     RX 20  ECHO ' '
  15.772     RX 54  ECHO 'T'
  15.773     RX 45  ECHO 'E'
  15.783     RX 53  ECHO 'S'
  15.787     RX 54  ECHO 'T'
  15.792     RX 20  ECHO ' '
  15.799     RX 54  ECHO 'T'
  15.815     RX 45  ECHO 'E'
  15.820     RX 53  ECHO 'S'
  15.836     RX 54  ECHO 'T'
  15.863     RX 20  ECHO ' '
  15.877     RX 54  ECHO 'T'
  15.900     RX 45  ECHO 'E'
  15.910     RX 53  ECHO 'S'
  15.926     RX 54  ECHO 'T'
  15.939     RX 20  ECHO ' '
  15.953     RX 54  ECHO 'T'
  15.964     RX 45  ECHO 'E'
  15.972     RX 53  ECHO 'S'
  15.972     RX 54  ECHO 'T'
  15.980     RX 20  ECHO ' '
  15.986     RX 54  ECHO 'T'
  15.993     RX 45  ECHO 'E'
  15.999     RX 53  ECHO 'S'
  16.006     RX 54  ECHO 'T'
  16.011     RX 20  ECHO ' '
  16.019     RX 54  ECHO 'T'
  16.025     RX 45  ECHO 'E'
  16.031     RX 53  ECHO 'S'
  16.041     RX 54  ECHO 'T'
  16.065     RX 20  ECHO ' '
  16.067     RX 54  ECHO 'T'
  16.068     RX 45  ECHO 'E'
  16.073     RX 53  ECHO 'S'
  16.081     RX 54  ECHO 'T'
  16.090     RX 20  ECHO ' '
  16.091     RX 54  ECHO 'T'
  16.098     RX 45  ECHO 'E'
  16.103     RX 53  ECHO 'S'
  16.108     RX 54  ECHO 'T'
  16.114     RX 20  ECHO ' '
  16.119     RX 54  ECHO 'T'
  16.126     RX 45  ECHO 'E'
  16.134     RX 53  ECHO 'S'
  16.138     RX 54  ECHO 'T'
  16.152     RX 20  ECHO ' '
  16.168     RX 54  ECHO 'T'
  16.169     RX 45  ECHO 'E'
  16.180     RX 53  ECHO 'S'
  16.186     RX 54  ECHO 'T'
  16.193     RX 20  ECHO ' '
  16.194     RX 54  ECHO 'T'
  16.200     RX 45  ECHO 'E'
  16.204     RX 53  ECHO 'S'
  16.215     RX 54  ECHO 'T'
  16.220     RX 20  ECHO ' '
  16.225     RX 54  ECHO 'T'
  16.238     RX 45  ECHO 'E'
  16.275     RX 53  ECHO 'S'
  16.287     RX 54  ECHO 'T'
  16.294     RX 20  ECHO ' '
  16.301     RX 54  ECHO 'T'
  16.307     RX 45  ECHO 'E'
  16.314     RX 53  ECHO 'S'
  16.324     RX 54  ECHO 'T'
  16.326     RX 20  ECHO ' '
  16.336     RX 54  ECHO 'T'
  16.346     RX 45  ECHO 'E'
  16.346     RX 53  ECHO 'S'
  16.348     RX 54  ECHO 'T'
  16.379     RX 20  ECHO ' '
  16.383     RX 54  ECHO 'T'
  16.392     RX 45  ECHO 'E'
  16.393     RX 53  ECHO 'S'
  16.406     RX 54  ECHO 'T'
  16.412     RX 20  ECHO ' '
  16.414     RX 54  ECHO 'T'
  16.420     RX 45  ECHO 'E'
  16.434     RX 53  ECHO 'S'
  16.481     RX 54  ECHO 'T'
  16.580     RX 20  ECHO ' '
  16.591     RX 54  ECHO 'T'
  16.594     RX 45  ECHO 'E'
  16.644     RX 53  ECHO 'S'
  16.646     RX 54  ECHO 'T'
  18.167  TX 15   # status buffer loaded
  18.167  -- watch 0.6s: 
  18.178     RX c4  STATUS 11000100 (low5=00100)
  18.772  TX 0a   # clear buffer
  18.772  -- watch 2.0s: after clear
  18.858     RX c0  STATUS 11000000 (low5=00000)
  18.876     RX c4  STATUS 11000100 (low5=00100)
  19.881     RX c0  STATUS 11000000 (low5=00000)
  20.777  TX 15   # status after clear
  20.778  -- watch 0.6s: 
  20.795     RX c0  STATUS 11000000 (low5=00000)
  21.380  TX 00 03   # host close
  21.380  -- watch 1.0s: 
  22.384  closed
